// Jest Snapshot v1, https://goo.gl/fbAQLP

exports[`<Profile/> renders correctly 1`] = `
<View
  style={
    Object {
      "backgroundColor": "#fff",
      "flex": 1,
    }
  }
>
  <View
    data-testId="user-data-view"
    style={
      Object {
        "backgroundColor": "hsl(0, 0%, 99%)",
        "flexDirection": "row",
        "padding": 20,
        "paddingBottom": 17,
        "paddingTop": 17,
      }
    }
  >
    <View
      style={
        Array [
          Object {
            "flex": 1,
          },
          Object {
            "justifyContent": "center",
          },
        ]
      }
    >
      <View
        style={
          Array [
            Object {
              "backgroundColor": "transparent",
              "height": 75,
              "paddingBottom": 10,
              "paddingRight": 10,
              "paddingTop": 10,
              "width": 75,
            },
            Object {
              "borderRadius": 37.5,
            },
            undefined,
          ]
        }
      >
        <View
          style={
            Array [
              Object {
                "alignItems": "center",
                "alignSelf": "stretch",
                "backgroundColor": "rgba(0,0,0,0.2)",
                "bottom": 0,
                "flex": 1,
                "justifyContent": "center",
                "left": 0,
                "position": "absolute",
                "right": 0,
                "top": 0,
              },
              Object {
                "borderRadius": 37.5,
              },
              undefined,
            ]
          }
        >
          <Image
            source={
              Object {
                "testUri": "../../../static/pp.jpg",
              }
            }
            style={
              Array [
                Object {
                  "height": 75,
                  "width": 75,
                },
                Object {
                  "borderRadius": 37.5,
                },
                undefined,
              ]
            }
          />
        </View>
      </View>
    </View>
    <View
      style={
        Array [
          Object {
            "flex": 2,
          },
          Object {
            "justifyContent": "center",
          },
        ]
      }
    >
      <Text
        accessible={true}
        allowFontScaling={true}
        ellipsizeMode="tail"
        style={
          Object {
            "color": "hsl(0, 0%, 20%)",
            "fontFamily": "Karla",
            "fontSize": 17,
            "fontWeight": "bold",
          }
        }
      >
        John Doe
      </Text>
      <Text
        accessible={true}
        allowFontScaling={true}
        ellipsizeMode="tail"
        numberOfLines={1}
        style={
          Object {
            "fontFamily": "Karla",
            "fontSize": 14,
          }
        }
      >
        Ive been trying to reach you all day and youre not picking up, is everything all right?
      </Text>
    </View>
  </View>
  <View
    data-testId="list"
    style={
      Array [
        Object {
          "backgroundColor": "#ffffff",
          "borderColor": "#bbb",
          "borderTopWidth": 1,
          "marginTop": 20,
        },
        Object {
          "borderTopWidth": 0,
        },
      ]
    }
  >
    <View
      disabled={false}
      style={
        Array [
          Object {
            "backgroundColor": "transparent",
            "borderBottomColor": "#bbb",
            "borderBottomWidth": 1,
            "paddingBottom": 10,
            "paddingRight": 10,
            "paddingTop": 10,
          },
          Object {
            "borderBottomColor": "hsl(0, 0%, 90%)",
            "paddingBottom": 15,
            "paddingTop": 15,
          },
          false,
          false,
        ]
      }
      underlayColor="white"
    >
      <View
        style={
          Array [
            Object {
              "alignItems": "center",
              "flexDirection": "row",
              "marginLeft": 10,
            },
            undefined,
          ]
        }
      >
        <View
          style={
            Object {
              "flex": 1,
              "justifyContent": "center",
            }
          }
        >
          <View>
            <Text
              accessible={true}
              allowFontScaling={true}
              ellipsizeMode="tail"
              numberOfLines={1}
              style={
                Array [
                  Object {},
                  undefined,
                  undefined,
                  undefined,
                  undefined,
                  undefined,
                  undefined,
                  undefined,
                  undefined,
                  undefined,
                  Array [
                    Object {
                      "color": "#43484d",
                      "fontSize": 17.5,
                    },
                    Object {
                      "marginLeft": 10,
                    },
                    Object {
                      "color": "hsl(0, 0%, 45%)",
                      "fontFamily": "Karla",
                      "fontSize": 15,
                    },
                    undefined,
                  ],
                ]
              }
            >
              Invite Friends
            </Text>
          </View>
          <View>
            <View />
          </View>
        </View>
      </View>
    </View>
    <View
      disabled={false}
      style={
        Array [
          Object {
            "backgroundColor": "transparent",
            "borderBottomColor": "#bbb",
            "borderBottomWidth": 1,
            "paddingBottom": 10,
            "paddingRight": 10,
            "paddingTop": 10,
          },
          Object {
            "borderBottomColor": "hsl(0, 0%, 90%)",
            "paddingBottom": 15,
            "paddingTop": 15,
          },
          false,
          false,
        ]
      }
      underlayColor="white"
    >
      <View
        style={
          Array [
            Object {
              "alignItems": "center",
              "flexDirection": "row",
              "marginLeft": 10,
            },
            undefined,
          ]
        }
      >
        <View
          style={
            Object {
              "flex": 1,
              "justifyContent": "center",
            }
          }
        >
          <View>
            <Text
              accessible={true}
              allowFontScaling={true}
              ellipsizeMode="tail"
              numberOfLines={1}
              style={
                Array [
                  Object {},
                  undefined,
                  undefined,
                  undefined,
                  undefined,
                  undefined,
                  undefined,
                  undefined,
                  undefined,
                  undefined,
                  Array [
                    Object {
                      "color": "#43484d",
                      "fontSize": 17.5,
                    },
                    Object {
                      "marginLeft": 10,
                    },
                    Object {
                      "color": "hsl(0, 0%, 45%)",
                      "fontFamily": "Karla",
                      "fontSize": 15,
                    },
                    undefined,
                  ],
                ]
              }
            >
              FAQ
            </Text>
          </View>
          <View>
            <View />
          </View>
        </View>
      </View>
    </View>
    <View
      disabled={false}
      style={
        Array [
          Object {
            "backgroundColor": "transparent",
            "borderBottomColor": "#bbb",
            "borderBottomWidth": 1,
            "paddingBottom": 10,
            "paddingRight": 10,
            "paddingTop": 10,
          },
          Object {
            "borderBottomColor": "hsl(0, 0%, 90%)",
            "paddingBottom": 15,
            "paddingTop": 15,
          },
          false,
          false,
        ]
      }
      underlayColor="white"
    >
      <View
        style={
          Array [
            Object {
              "alignItems": "center",
              "flexDirection": "row",
              "marginLeft": 10,
            },
            undefined,
          ]
        }
      >
        <View
          style={
            Object {
              "flex": 1,
              "justifyContent": "center",
            }
          }
        >
          <View>
            <Text
              accessible={true}
              allowFontScaling={true}
              ellipsizeMode="tail"
              numberOfLines={1}
              style={
                Array [
                  Object {},
                  undefined,
                  undefined,
                  undefined,
                  undefined,
                  undefined,
                  undefined,
                  undefined,
                  undefined,
                  undefined,
                  Array [
                    Object {
                      "color": "#43484d",
                      "fontSize": 17.5,
                    },
                    Object {
                      "marginLeft": 10,
                    },
                    Object {
                      "color": "hsl(0, 0%, 45%)",
                      "fontFamily": "Karla",
                      "fontSize": 15,
                    },
                    undefined,
                  ],
                ]
              }
            >
              Help
            </Text>
          </View>
          <View>
            <View />
          </View>
        </View>
      </View>
    </View>
    <View
      disabled={false}
      style={
        Array [
          Object {
            "backgroundColor": "transparent",
            "borderBottomColor": "#bbb",
            "borderBottomWidth": 1,
            "paddingBottom": 10,
            "paddingRight": 10,
            "paddingTop": 10,
          },
          Object {
            "borderBottomColor": "hsl(0, 0%, 90%)",
            "paddingBottom": 15,
            "paddingTop": 15,
          },
          false,
          false,
        ]
      }
      underlayColor="white"
    >
      <View
        style={
          Array [
            Object {
              "alignItems": "center",
              "flexDirection": "row",
              "marginLeft": 10,
            },
            undefined,
          ]
        }
      >
        <View
          style={
            Object {
              "flex": 1,
              "justifyContent": "center",
            }
          }
        >
          <View>
            <Text
              accessible={true}
              allowFontScaling={true}
              ellipsizeMode="tail"
              numberOfLines={1}
              style={
                Array [
                  Object {},
                  undefined,
                  undefined,
                  undefined,
                  undefined,
                  undefined,
                  undefined,
                  undefined,
                  undefined,
                  undefined,
                  Array [
                    Object {
                      "color": "#43484d",
                      "fontSize": 17.5,
                    },
                    Object {
                      "marginLeft": 10,
                    },
                    Object {
                      "color": "hsl(0, 0%, 45%)",
                      "fontFamily": "Karla",
                      "fontSize": 15,
                    },
                    undefined,
                  ],
                ]
              }
            >
              About
            </Text>
          </View>
          <View>
            <View />
          </View>
        </View>
      </View>
    </View>
  </View>
</View>
`;
