// Jest Snapshot v1, https://goo.gl/fbAQLP

exports[`screen tests renders correctly, <snapshot> 1`] = `null`;
